---
source: pls_core/src/inflections/mod.rs
expression: output

---
- ababā
- ababamhā
- ababasmā
- ababato
- ababe
- ababamhi
- ababasmiṃ
- ababānaṃ
- ababe
- ababāni
- ababehi
- ababebhi
- ababato
- ababena
- ababānaṃ
- ababā
- ababāni
- ababassa
- ababaṃ
- ababa
- ababā
- ababaṃ
- ababesu
- ababa
- ababehi
- ababebhi
- ababaṃ
- ababāya
- ababassa
- ababā
- ababāni

