---
source: pls_core/src/inflections/mod.rs
expression: output

---
- ababe
- ababamhi
- ababasmiṃ
- ababehi
- ababebhi
- ababato
- ababa
- ababānaṃ
- ababassa
- ababaṃ
- ababā
- ababamhā
- ababasmā
- ababato
- ababe
- ababāni
- ababāya
- ababassa
- ababesu
- ababa
- ababā
- ababaṃ
- ababā
- ababāni
- ababā
- ababāni
- ababena
- ababānaṃ
- ababaṃ
- ababehi
- ababebhi

