---
source: pls_core/src/inflections/mod.rs
expression: output

---
- ababehi
- ababebhi
- ababesu
- ababā
- ababāni
- ababena
- ababānaṃ
- ababassa
- ababehi
- ababebhi
- ababato
- ababā
- ababamhā
- ababasmā
- ababato
- ababe
- ababāni
- ababā
- ababāni
- ababaṃ
- ababa
- ababā
- ababaṃ
- ababāya
- ababassa
- ababānaṃ
- ababaṃ
- ababa
- ababe
- ababamhi
- ababasmiṃ

