---
source: pls_core/src/inflections/mod.rs
expression: html

---
<div class="pls-inflection-root">
  
<div class="pls-inflection-type-indeclinable">
  <i>See <strong>^ahosi$</strong> for inflection table.</i>
  </div>
<div class="pls-inflection-summary-definition">
  <span class="pls-inflection-summary-definition-pos">(aor)</span>
  <span class="pls-inflection-summary-definition-meaning">was; existed; became</span>
</div>

  
</div>

