---
source: pls_core/src/inflections/mod.rs
expression: html

---
<div class="pls-inflection-root">
  <header class="pls-inflection-header">
    <summary>
      <div class="pls-inflection-summary-word-info">^ubha$ "ubha pron dual" irreg</div>
      </summary>
  </header>
<table class="pls-inflection-table pls-inflection-type-declension">
  <thead>
    <tr>
      <td><span class="pls-inflection-table-title">ubha pron dual</span></td>
      <td><span class="pls-inflection-col-header">^dual$</span></td>
    </tr>
  </thead>
  <tbody>
    <tr>
      <td>
        <span class="pls-inflection-row-header">^nom$</span>
      </td>
      <td>
        <div class="pls-inflection-inflected-word">^ubhe$</div>
        <div class="pls-inflection-inflected-word">^ubho$</div>
        </td>
    </tr>
    <tr>
      <td>
        <span class="pls-inflection-row-header">^acc$</span>
      </td>
      <td>
        <div class="pls-inflection-inflected-word">^ubho$</div>
        </td>
    </tr>
    <tr>
      <td>
        <span class="pls-inflection-row-header">^instr$</span>
      </td>
      <td>
        <div class="pls-inflection-inflected-word">^ubhohi$</div>
        </td>
    </tr>
    <tr>
      <td>
        <span class="pls-inflection-row-header">^dat$</span>
      </td>
      <td>
        <div class="pls-inflection-inflected-word">^ubhinnaṃ$</div>
        </td>
    </tr>
    <tr>
      <td>
        <span class="pls-inflection-row-header">^abl$</span>
      </td>
      <td>
        <div class="pls-inflection-inflected-word">^ubhohi$</div>
        </td>
    </tr>
    <tr>
      <td>
        <span class="pls-inflection-row-header">^gen$</span>
      </td>
      <td>
        <div class="pls-inflection-inflected-word">^ubhinnaṃ$</div>
        </td>
    </tr>
    <tr>
      <td>
        <span class="pls-inflection-row-header">^loc$</span>
      </td>
      <td>
        <div class="pls-inflection-inflected-word">^ubhosu$</div>
        </td>
    </tr>
    <tr>
      <td><span class="pls-inflection-row-header">^in comps$</span></td>
      <td colspan="6">
        <div class="pls-inflection-inflected-word">^ubho$</div>
        </td>
    </tr>
  </tbody>
</table>

  <footer class="pls-inflection-footer">
    <a class="pls-inflection-feedback-link" target="_blank" href="https://docs.google.com/forms/d/e/1FAIpQLSeoxZiqvIWadaLeuXF4f44NCqEn49-B8KNbSvNer5jxgRYdtQ/viewform?entry.267696921=test case&entry.1433863141=v0.1">
      spot a mistake? something missing? fix it here!
    </a>
  </footer>
</div>

