---
source: test_app/src/main.rs
expression: html

---
<div class="pls-inflection-root">
  <header class="pls-inflection-header"><summary class="pls-inflection-summary">vassūpanāyikā &ndash; "ā fem" (like vanitā)</summary></header>
<table class="pls-inflection-table pls-inflection-type-conjugation">
  <thead>
    <tr>
      <td>ā_fem</td>
      <td colspan="2">masculine</td>
      <td colspan="2">feminine</td>
      <td colspan="2">neuter</td>
    </tr>
    <tr>
      <td>case</td>
      <td>sg</td>
      <td>pl</td>
      <td>sg</td>
      <td>pl</td>
      <td>sg</td>
      <td>pl</td>
    </tr>
  </thead>
  <tbody>
    <tr>
      <td>
        <p>nom</p>
      </td>
      <td>
        </td>
      <td>
        </td>
      <td>
        <div class="pls-inflection-inflected-word">vassūpanāyik<span class="pls-inflection-inflected-word-suffix">ā</span></div>
        </td>
      <td>
        <div class="pls-inflection-inflected-word">vassūpanāyik<span class="pls-inflection-inflected-word-suffix">ā</span></div>
        <div class="pls-inflection-inflected-word">vassūpanāyik<span class="pls-inflection-inflected-word-suffix">āyo</span></div>
        </td>
      <td>
        </td>
      <td>
        </td>
    </tr>
    <tr>
      <td>
        <p>acc</p>
      </td>
      <td>
        </td>
      <td>
        </td>
      <td>
        <div class="pls-inflection-inflected-word">vassūpanāyik<span class="pls-inflection-inflected-word-suffix">aṃ</span></div>
        </td>
      <td>
        <div class="pls-inflection-inflected-word">vassūpanāyik<span class="pls-inflection-inflected-word-suffix">ā</span></div>
        <div class="pls-inflection-inflected-word">vassūpanāyik<span class="pls-inflection-inflected-word-suffix">āyo</span></div>
        </td>
      <td>
        </td>
      <td>
        </td>
    </tr>
    <tr>
      <td>
        <p>instr</p>
      </td>
      <td>
        </td>
      <td>
        </td>
      <td>
        <div class="pls-inflection-inflected-word">vassūpanāyik<span class="pls-inflection-inflected-word-suffix">āya</span></div>
        </td>
      <td>
        <div class="pls-inflection-inflected-word">vassūpanāyik<span class="pls-inflection-inflected-word-suffix">āhi</span></div>
        <div class="pls-inflection-inflected-word">vassūpanāyik<span class="pls-inflection-inflected-word-suffix">ābhi</span></div>
        </td>
      <td>
        </td>
      <td>
        </td>
    </tr>
    <tr>
      <td>
        <p>dat</p>
      </td>
      <td>
        </td>
      <td>
        </td>
      <td>
        <div class="pls-inflection-inflected-word">vassūpanāyik<span class="pls-inflection-inflected-word-suffix">āya</span></div>
        </td>
      <td>
        <div class="pls-inflection-inflected-word">vassūpanāyik<span class="pls-inflection-inflected-word-suffix">ānaṃ</span></div>
        </td>
      <td>
        </td>
      <td>
        </td>
    </tr>
    <tr>
      <td>
        <p>abl</p>
      </td>
      <td>
        </td>
      <td>
        </td>
      <td>
        <div class="pls-inflection-inflected-word">vassūpanāyik<span class="pls-inflection-inflected-word-suffix">āya</span></div>
        <div class="pls-inflection-inflected-word">vassūpanāyik<span class="pls-inflection-inflected-word-suffix">ato</span></div>
        </td>
      <td>
        <div class="pls-inflection-inflected-word">vassūpanāyik<span class="pls-inflection-inflected-word-suffix">āhi</span></div>
        <div class="pls-inflection-inflected-word">vassūpanāyik<span class="pls-inflection-inflected-word-suffix">ābhi</span></div>
        <div class="pls-inflection-inflected-word">vassūpanāyik<span class="pls-inflection-inflected-word-suffix">ato</span></div>
        </td>
      <td>
        </td>
      <td>
        </td>
    </tr>
    <tr>
      <td>
        <p>gen</p>
      </td>
      <td>
        </td>
      <td>
        </td>
      <td>
        <div class="pls-inflection-inflected-word">vassūpanāyik<span class="pls-inflection-inflected-word-suffix">āya</span></div>
        </td>
      <td>
        <div class="pls-inflection-inflected-word">vassūpanāyik<span class="pls-inflection-inflected-word-suffix">ānaṃ</span></div>
        </td>
      <td>
        </td>
      <td>
        </td>
    </tr>
    <tr>
      <td>
        <p>loc</p>
      </td>
      <td>
        </td>
      <td>
        </td>
      <td>
        <div class="pls-inflection-inflected-word">vassūpanāyik<span class="pls-inflection-inflected-word-suffix">āya</span></div>
        <div class="pls-inflection-inflected-word">vassūpanāyik<span class="pls-inflection-inflected-word-suffix">āyaṃ</span></div>
        </td>
      <td>
        <div class="pls-inflection-inflected-word">vassūpanāyik<span class="pls-inflection-inflected-word-suffix">āsu</span></div>
        </td>
      <td>
        </td>
      <td>
        </td>
    </tr>
    <tr>
      <td>
        <p>voc</p>
      </td>
      <td>
        </td>
      <td>
        </td>
      <td>
        <div class="pls-inflection-inflected-word">vassūpanāyik<span class="pls-inflection-inflected-word-suffix">e</span></div>
        </td>
      <td>
        <div class="pls-inflection-inflected-word">vassūpanāyik<span class="pls-inflection-inflected-word-suffix">ā</span></div>
        <div class="pls-inflection-inflected-word">vassūpanāyik<span class="pls-inflection-inflected-word-suffix">āyo</span></div>
        </td>
      <td>
        </td>
      <td>
        </td>
    </tr>
    <tr>
      <td>in comps</td>
      <td colspan="6">
        <div class="pls-inflection-inflected-word">vassūpanāyik<span class="pls-inflection-inflected-word-suffix">a</span></div>
        <div class="pls-inflection-inflected-word">vassūpanāyik<span class="pls-inflection-inflected-word-suffix">ā</span></div>
        </td>
    </tr>
  </tbody>
</table>

  <footer class="pls-inflection-footer"><a class="pls-inflection-feedback-link" target="_blank" href="https://docs.google.com/forms/d/e/1FAIpQLSdqnYM0_5VeWzkFBPzyxaLqUfKWgNjI8STCpdrx4vX3hetyxw/viewform"><strong>spot a mistake? something missing? fix it here!</strong></a></footer>
</div>

