---
source: test_app/src/main.rs
expression: html

---
<div class="pls-inflection-root">
  <header class="pls-inflection-header">
    <summary class="pls-inflection-summary">ābādheti &ndash; "eti pr" (like bhāveti)</summary>
  </header>
<table class="pls-inflection-table pls-inflection-type-conjugation">
    <thead>
      <tr>
        <td><span class="pls-inflection-table-title">pr</span></td>
        <td colspan="2"><span class="pls-inflection-col-header">active</span></td>
        <td colspan="2"><span class="pls-inflection-col-header">reflexive</span></td>
      </tr>
      <tr>
        <td><span class="pls-inflection-row-header">person</span></td>
        <td><span class="pls-inflection-col-header">singular</span></td>
        <td><span class="pls-inflection-col-header">plural</span></td>
        <td><span class="pls-inflection-col-header">singular</span></td>
        <td><span class="pls-inflection-col-header">plural</span></td>
      </tr>
    </thead>
    <tbody>
      <tr>
        <td><span class="pls-inflection-row-header">pr 3rd</span></td>
        <td>
          <div class="pls-inflection-inflected-word">ābādh<span class="pls-inflection-inflected-word-suffix">eti</span></div>
          </td>
        <td>
          <div class="pls-inflection-inflected-word">ābādh<span class="pls-inflection-inflected-word-suffix">enti</span></div>
          </td>
        <td>
          </td>
        <td>
          </td>
      </tr>
      <tr>
        <td><span class="pls-inflection-row-header">pr 2nd</span></td>
        <td>
          <div class="pls-inflection-inflected-word">ābādh<span class="pls-inflection-inflected-word-suffix">esi</span></div>
          </td>
        <td>
          <div class="pls-inflection-inflected-word">ābādh<span class="pls-inflection-inflected-word-suffix">etha</span></div>
          </td>
        <td>
          </td>
        <td>
          </td>
      </tr>
      <tr>
        <td><span class="pls-inflection-row-header">pr 1st</span></td>
        <td>
          <div class="pls-inflection-inflected-word">ābādh<span class="pls-inflection-inflected-word-suffix">emi</span></div>
          </td>
        <td>
          <div class="pls-inflection-inflected-word">ābādh<span class="pls-inflection-inflected-word-suffix">ema</span></div>
          </td>
        <td>
          </td>
        <td>
          </td>
      </tr>
    </tbody>
  </table>

<table class="pls-inflection-table pls-inflection-type-conjugation">
    <thead>
      <tr>
        <td><span class="pls-inflection-table-title">imp</span></td>
        <td colspan="2"><span class="pls-inflection-col-header">active</span></td>
        <td colspan="2"><span class="pls-inflection-col-header">reflexive</span></td>
      </tr>
      <tr>
        <td><span class="pls-inflection-row-header">person</span></td>
        <td><span class="pls-inflection-col-header">singular</span></td>
        <td><span class="pls-inflection-col-header">plural</span></td>
        <td><span class="pls-inflection-col-header">singular</span></td>
        <td><span class="pls-inflection-col-header">plural</span></td>
      </tr>
    </thead>
    <tbody>
      <tr>
        <td><span class="pls-inflection-row-header">imp 3rd</span></td>
        <td>
          <div class="pls-inflection-inflected-word">ābādh<span class="pls-inflection-inflected-word-suffix">etu</span></div>
          </td>
        <td>
          <div class="pls-inflection-inflected-word">ābādh<span class="pls-inflection-inflected-word-suffix">entu</span></div>
          </td>
        <td>
          <div class="pls-inflection-inflected-word">ābādh<span class="pls-inflection-inflected-word-suffix">etaṃ</span></div>
          </td>
        <td>
          <div class="pls-inflection-inflected-word">ābādh<span class="pls-inflection-inflected-word-suffix">entaṃ</span></div>
          </td>
      </tr>
      <tr>
        <td><span class="pls-inflection-row-header">imp 2nd</span></td>
        <td>
          <div class="pls-inflection-inflected-word">ābādh<span class="pls-inflection-inflected-word-suffix">ehi</span></div>
          </td>
        <td>
          <div class="pls-inflection-inflected-word">ābādh<span class="pls-inflection-inflected-word-suffix">etha</span></div>
          </td>
        <td>
          <div class="pls-inflection-inflected-word">ābādh<span class="pls-inflection-inflected-word-suffix">essu</span></div>
          </td>
        <td>
          <div class="pls-inflection-inflected-word">ābādh<span class="pls-inflection-inflected-word-suffix">evho</span></div>
          </td>
      </tr>
      <tr>
        <td><span class="pls-inflection-row-header">imp 1st</span></td>
        <td>
          <div class="pls-inflection-inflected-word">ābādh<span class="pls-inflection-inflected-word-suffix">emi</span></div>
          </td>
        <td>
          <div class="pls-inflection-inflected-word">ābādh<span class="pls-inflection-inflected-word-suffix">ema</span></div>
          </td>
        <td>
          <div class="pls-inflection-inflected-word">ābādh<span class="pls-inflection-inflected-word-suffix">e</span></div>
          </td>
        <td>
          <div class="pls-inflection-inflected-word">ābādh<span class="pls-inflection-inflected-word-suffix">emase</span></div>
          </td>
      </tr>
    </tbody>
  </table>

<table class="pls-inflection-table pls-inflection-type-conjugation">
    <thead>
      <tr>
        <td><span class="pls-inflection-table-title">opt</span></td>
        <td colspan="2"><span class="pls-inflection-col-header">active</span></td>
        <td colspan="2"><span class="pls-inflection-col-header">reflexive</span></td>
      </tr>
      <tr>
        <td><span class="pls-inflection-row-header">person</span></td>
        <td><span class="pls-inflection-col-header">singular</span></td>
        <td><span class="pls-inflection-col-header">plural</span></td>
        <td><span class="pls-inflection-col-header">singular</span></td>
        <td><span class="pls-inflection-col-header">plural</span></td>
      </tr>
    </thead>
    <tbody>
      <tr>
        <td><span class="pls-inflection-row-header">opt 3rd</span></td>
        <td>
          <div class="pls-inflection-inflected-word">ābādh<span class="pls-inflection-inflected-word-suffix">eyya</span></div>
          <div class="pls-inflection-inflected-word">ābādh<span class="pls-inflection-inflected-word-suffix">e</span></div>
          </td>
        <td>
          <div class="pls-inflection-inflected-word">ābādh<span class="pls-inflection-inflected-word-suffix">eyyuṃ</span></div>
          </td>
        <td>
          <div class="pls-inflection-inflected-word">ābādh<span class="pls-inflection-inflected-word-suffix">etha</span></div>
          </td>
        <td>
          <div class="pls-inflection-inflected-word">ābādh<span class="pls-inflection-inflected-word-suffix">eraṃ</span></div>
          </td>
      </tr>
      <tr>
        <td><span class="pls-inflection-row-header">opt 2nd</span></td>
        <td>
          <div class="pls-inflection-inflected-word">ābādh<span class="pls-inflection-inflected-word-suffix">eyyāsi</span></div>
          <div class="pls-inflection-inflected-word">ābādh<span class="pls-inflection-inflected-word-suffix">e</span></div>
          </td>
        <td>
          <div class="pls-inflection-inflected-word">ābādh<span class="pls-inflection-inflected-word-suffix">eyyātha</span></div>
          <div class="pls-inflection-inflected-word">ābādh<span class="pls-inflection-inflected-word-suffix">etha</span></div>
          </td>
        <td>
          <div class="pls-inflection-inflected-word">ābādh<span class="pls-inflection-inflected-word-suffix">etho</span></div>
          </td>
        <td>
          <div class="pls-inflection-inflected-word">ābādh<span class="pls-inflection-inflected-word-suffix">eyyavho</span></div>
          <div class="pls-inflection-inflected-word">ābādh<span class="pls-inflection-inflected-word-suffix">eyyāvho</span></div>
          </td>
      </tr>
      <tr>
        <td><span class="pls-inflection-row-header">opt 1st</span></td>
        <td>
          <div class="pls-inflection-inflected-word">ābādh<span class="pls-inflection-inflected-word-suffix">eyyāmi</span></div>
          <div class="pls-inflection-inflected-word">ābādh<span class="pls-inflection-inflected-word-suffix">eyyaṃ</span></div>
          <div class="pls-inflection-inflected-word">ābādh<span class="pls-inflection-inflected-word-suffix">e</span></div>
          </td>
        <td>
          <div class="pls-inflection-inflected-word">ābādh<span class="pls-inflection-inflected-word-suffix">eyyāma</span></div>
          <div class="pls-inflection-inflected-word">ābādh<span class="pls-inflection-inflected-word-suffix">ema</span></div>
          <div class="pls-inflection-inflected-word">ābādh<span class="pls-inflection-inflected-word-suffix">emu</span></div>
          </td>
        <td>
          <div class="pls-inflection-inflected-word">ābādh<span class="pls-inflection-inflected-word-suffix">eyyaṃ</span></div>
          </td>
        <td>
          <div class="pls-inflection-inflected-word">ābādh<span class="pls-inflection-inflected-word-suffix">eyyāmhe</span></div>
          </td>
      </tr>
    </tbody>
  </table>

<table class="pls-inflection-table pls-inflection-type-conjugation">
    <thead>
      <tr>
        <td><span class="pls-inflection-table-title">fut</span></td>
        <td colspan="2"><span class="pls-inflection-col-header">active</span></td>
        <td colspan="2"><span class="pls-inflection-col-header">reflexive</span></td>
      </tr>
      <tr>
        <td><span class="pls-inflection-row-header">person</span></td>
        <td><span class="pls-inflection-col-header">singular</span></td>
        <td><span class="pls-inflection-col-header">plural</span></td>
        <td><span class="pls-inflection-col-header">singular</span></td>
        <td><span class="pls-inflection-col-header">plural</span></td>
      </tr>
    </thead>
    <tbody>
      <tr>
        <td><span class="pls-inflection-row-header">fut 3rd</span></td>
        <td>
          <div class="pls-inflection-inflected-word">ābādh<span class="pls-inflection-inflected-word-suffix">essati</span></div>
          </td>
        <td>
          <div class="pls-inflection-inflected-word">ābādh<span class="pls-inflection-inflected-word-suffix">essanti</span></div>
          </td>
        <td>
          <div class="pls-inflection-inflected-word">ābādh<span class="pls-inflection-inflected-word-suffix">essate</span></div>
          </td>
        <td>
          <div class="pls-inflection-inflected-word">ābādh<span class="pls-inflection-inflected-word-suffix">essante</span></div>
          </td>
      </tr>
      <tr>
        <td><span class="pls-inflection-row-header">fut 2nd</span></td>
        <td>
          <div class="pls-inflection-inflected-word">ābādh<span class="pls-inflection-inflected-word-suffix">essasi</span></div>
          </td>
        <td>
          <div class="pls-inflection-inflected-word">ābādh<span class="pls-inflection-inflected-word-suffix">essatha</span></div>
          </td>
        <td>
          <div class="pls-inflection-inflected-word">ābādh<span class="pls-inflection-inflected-word-suffix">essase</span></div>
          </td>
        <td>
          <div class="pls-inflection-inflected-word">ābādh<span class="pls-inflection-inflected-word-suffix">essavhe</span></div>
          </td>
      </tr>
      <tr>
        <td><span class="pls-inflection-row-header">fut 1st</span></td>
        <td>
          <div class="pls-inflection-inflected-word">ābādh<span class="pls-inflection-inflected-word-suffix">essāmi</span></div>
          </td>
        <td>
          <div class="pls-inflection-inflected-word">ābādh<span class="pls-inflection-inflected-word-suffix">essāma</span></div>
          </td>
        <td>
          <div class="pls-inflection-inflected-word">ābādh<span class="pls-inflection-inflected-word-suffix">essaṃ</span></div>
          </td>
        <td>
          <div class="pls-inflection-inflected-word">ābādh<span class="pls-inflection-inflected-word-suffix">essāmhe</span></div>
          </td>
      </tr>
    </tbody>
  </table>


  <footer class="pls-inflection-footer">
    <a class="pls-inflection-feedback-link" target="_blank" href="https://docs.google.com/forms/d/e/1FAIpQLSeJpx7TsISkYEXzxvbBtOH25T-ZO1Z5NFdujO5SD9qcAH_i1A/viewform?entry.267696921=test case&entry.1433863141=v0.1">
      spot a mistake? something missing? fix it here!
    </a>
  </footer>
</div>

