---
source: test_app/src/main.rs
expression: html

---
<div class="pls-inflection-root">
  <header class="pls-inflection-header"><summary class="pls-inflection-summary">vassūpanāyikā &ndash; "ā fem" (like vanitā)</summary></header>
<table class="pls-inflection-table pls-inflection-type-conjugation">
  <thead>
    <tr>
      <td><span class="pls-inflection-table-title">ā_fem</span></td>
      <td colspan="2"><span class="pls-inflection-col-header">masculine</span></td>
      <td colspan="2"><span class="pls-inflection-col-header">feminine</span></td>
      <td colspan="2"><span class="pls-inflection-col-header">neuter</span></td>
    </tr>
    <tr>
      <td><span class="pls-inflection-row-header">case</span></td>
      <td><span class="pls-inflection-col-header">sg</span></td>
      <td><span class="pls-inflection-col-header">pl</span></td>
      <td><span class="pls-inflection-col-header">sg</span></td>
      <td><span class="pls-inflection-col-header">pl</span></td>
      <td><span class="pls-inflection-col-header">sg</span></td>
      <td><span class="pls-inflection-col-header">pl</span></td>
    </tr>
  </thead>
  <tbody>
    <tr>
      <td>
        <p><span class="pls-inflection-row-header">nom</span></p>
      </td>
      <td>
        </td>
      <td>
        </td>
      <td>
        <div class="pls-inflection-inflected-word">vassūpanāyik<span class="pls-inflection-inflected-word-suffix">ā</span></div>
        </td>
      <td>
        <div class="pls-inflection-inflected-word">vassūpanāyik<span class="pls-inflection-inflected-word-suffix">ā</span></div>
        <div class="pls-inflection-inflected-word">vassūpanāyik<span class="pls-inflection-inflected-word-suffix">āyo</span></div>
        </td>
      <td>
        </td>
      <td>
        </td>
    </tr>
    <tr>
      <td>
        <p><span class="pls-inflection-row-header">acc</span></p>
      </td>
      <td>
        </td>
      <td>
        </td>
      <td>
        <div class="pls-inflection-inflected-word">vassūpanāyik<span class="pls-inflection-inflected-word-suffix">aṃ</span></div>
        </td>
      <td>
        <div class="pls-inflection-inflected-word">vassūpanāyik<span class="pls-inflection-inflected-word-suffix">ā</span></div>
        <div class="pls-inflection-inflected-word">vassūpanāyik<span class="pls-inflection-inflected-word-suffix">āyo</span></div>
        </td>
      <td>
        </td>
      <td>
        </td>
    </tr>
    <tr>
      <td>
        <p><span class="pls-inflection-row-header">instr</span></p>
      </td>
      <td>
        </td>
      <td>
        </td>
      <td>
        <div class="pls-inflection-inflected-word">vassūpanāyik<span class="pls-inflection-inflected-word-suffix">āya</span></div>
        </td>
      <td>
        <div class="pls-inflection-inflected-word">vassūpanāyik<span class="pls-inflection-inflected-word-suffix">āhi</span></div>
        <div class="pls-inflection-inflected-word">vassūpanāyik<span class="pls-inflection-inflected-word-suffix">ābhi</span></div>
        </td>
      <td>
        </td>
      <td>
        </td>
    </tr>
    <tr>
      <td>
        <p><span class="pls-inflection-row-header">dat</span></p>
      </td>
      <td>
        </td>
      <td>
        </td>
      <td>
        <div class="pls-inflection-inflected-word">vassūpanāyik<span class="pls-inflection-inflected-word-suffix">āya</span></div>
        </td>
      <td>
        <div class="pls-inflection-inflected-word">vassūpanāyik<span class="pls-inflection-inflected-word-suffix">ānaṃ</span></div>
        </td>
      <td>
        </td>
      <td>
        </td>
    </tr>
    <tr>
      <td>
        <p><span class="pls-inflection-row-header">abl</span></p>
      </td>
      <td>
        </td>
      <td>
        </td>
      <td>
        <div class="pls-inflection-inflected-word">vassūpanāyik<span class="pls-inflection-inflected-word-suffix">āya</span></div>
        <div class="pls-inflection-inflected-word">vassūpanāyik<span class="pls-inflection-inflected-word-suffix">ato</span></div>
        </td>
      <td>
        <div class="pls-inflection-inflected-word">vassūpanāyik<span class="pls-inflection-inflected-word-suffix">āhi</span></div>
        <div class="pls-inflection-inflected-word">vassūpanāyik<span class="pls-inflection-inflected-word-suffix">ābhi</span></div>
        <div class="pls-inflection-inflected-word">vassūpanāyik<span class="pls-inflection-inflected-word-suffix">ato</span></div>
        </td>
      <td>
        </td>
      <td>
        </td>
    </tr>
    <tr>
      <td>
        <p><span class="pls-inflection-row-header">gen</span></p>
      </td>
      <td>
        </td>
      <td>
        </td>
      <td>
        <div class="pls-inflection-inflected-word">vassūpanāyik<span class="pls-inflection-inflected-word-suffix">āya</span></div>
        </td>
      <td>
        <div class="pls-inflection-inflected-word">vassūpanāyik<span class="pls-inflection-inflected-word-suffix">ānaṃ</span></div>
        </td>
      <td>
        </td>
      <td>
        </td>
    </tr>
    <tr>
      <td>
        <p><span class="pls-inflection-row-header">loc</span></p>
      </td>
      <td>
        </td>
      <td>
        </td>
      <td>
        <div class="pls-inflection-inflected-word">vassūpanāyik<span class="pls-inflection-inflected-word-suffix">āya</span></div>
        <div class="pls-inflection-inflected-word">vassūpanāyik<span class="pls-inflection-inflected-word-suffix">āyaṃ</span></div>
        </td>
      <td>
        <div class="pls-inflection-inflected-word">vassūpanāyik<span class="pls-inflection-inflected-word-suffix">āsu</span></div>
        </td>
      <td>
        </td>
      <td>
        </td>
    </tr>
    <tr>
      <td>
        <p><span class="pls-inflection-row-header">voc</span></p>
      </td>
      <td>
        </td>
      <td>
        </td>
      <td>
        <div class="pls-inflection-inflected-word">vassūpanāyik<span class="pls-inflection-inflected-word-suffix">e</span></div>
        </td>
      <td>
        <div class="pls-inflection-inflected-word">vassūpanāyik<span class="pls-inflection-inflected-word-suffix">ā</span></div>
        <div class="pls-inflection-inflected-word">vassūpanāyik<span class="pls-inflection-inflected-word-suffix">āyo</span></div>
        </td>
      <td>
        </td>
      <td>
        </td>
    </tr>
    <tr>
      <td><span class="pls-inflection-row-header">in comps</span></td>
      <td colspan="6">
        <div class="pls-inflection-inflected-word">vassūpanāyik<span class="pls-inflection-inflected-word-suffix">a</span></div>
        <div class="pls-inflection-inflected-word">vassūpanāyik<span class="pls-inflection-inflected-word-suffix">ā</span></div>
        </td>
    </tr>
  </tbody>
</table>

  <footer class="pls-inflection-footer"><a class="pls-inflection-feedback-link" target="_blank" href="https://docs.google.com/forms/d/e/1FAIpQLSdqnYM0_5VeWzkFBPzyxaLqUfKWgNjI8STCpdrx4vX3hetyxw/viewform"><strong>spot a mistake? something missing? fix it here!</strong></a></footer>
</div>

