---
source: test_app/src/main.rs
expression: html

---
<div class="pls-inflection-root">
  <header class="pls-inflection-header"><summary class="pls-inflection-summary">kamma 1 &ndash; "kamma nt" (like )</summary></header>
<table class="pls-inflection-table pls-inflection-type-conjugation">
  <thead>
    <tr>
      <td><span class="pls-inflection-table-title">kamma_nt</span></td>
      <td colspan="2"><span class="pls-inflection-col-header">masculine</span></td>
      <td colspan="2"><span class="pls-inflection-col-header">feminine</span></td>
      <td colspan="2"><span class="pls-inflection-col-header">neuter</span></td>
    </tr>
    <tr>
      <td><span class="pls-inflection-row-header">case</span></td>
      <td><span class="pls-inflection-col-header">sg</span></td>
      <td><span class="pls-inflection-col-header">pl</span></td>
      <td><span class="pls-inflection-col-header">sg</span></td>
      <td><span class="pls-inflection-col-header">pl</span></td>
      <td><span class="pls-inflection-col-header">sg</span></td>
      <td><span class="pls-inflection-col-header">pl</span></td>
    </tr>
  </thead>
  <tbody>
    <tr>
      <td>
        <p><span class="pls-inflection-row-header">nom</span></p>
      </td>
      <td>
        </td>
      <td>
        </td>
      <td>
        </td>
      <td>
        </td>
      <td>
        <div class="pls-inflection-inflected-word"><span class="pls-inflection-inflected-word-suffix">kamma</span></div>
        <div class="pls-inflection-inflected-word"><span class="pls-inflection-inflected-word-suffix">kammaṃ</span></div>
        </td>
      <td>
        <div class="pls-inflection-inflected-word"><span class="pls-inflection-inflected-word-suffix">kammāni</span></div>
        <div class="pls-inflection-inflected-word"><span class="pls-inflection-inflected-word-suffix">kammā</span></div>
        </td>
    </tr>
    <tr>
      <td>
        <p><span class="pls-inflection-row-header">acc</span></p>
      </td>
      <td>
        </td>
      <td>
        </td>
      <td>
        </td>
      <td>
        </td>
      <td>
        <div class="pls-inflection-inflected-word"><span class="pls-inflection-inflected-word-suffix">kamma</span></div>
        <div class="pls-inflection-inflected-word"><span class="pls-inflection-inflected-word-suffix">kammaṃ</span></div>
        </td>
      <td>
        <div class="pls-inflection-inflected-word"><span class="pls-inflection-inflected-word-suffix">kammāni</span></div>
        <div class="pls-inflection-inflected-word"><span class="pls-inflection-inflected-word-suffix">kamme</span></div>
        </td>
    </tr>
    <tr>
      <td>
        <p><span class="pls-inflection-row-header">instr</span></p>
      </td>
      <td>
        </td>
      <td>
        </td>
      <td>
        </td>
      <td>
        </td>
      <td>
        <div class="pls-inflection-inflected-word"><span class="pls-inflection-inflected-word-suffix">kammena</span></div>
        <div class="pls-inflection-inflected-word"><span class="pls-inflection-inflected-word-suffix">kammunā</span></div>
        <div class="pls-inflection-inflected-word"><span class="pls-inflection-inflected-word-suffix">kammanā</span></div>
        </td>
      <td>
        <div class="pls-inflection-inflected-word"><span class="pls-inflection-inflected-word-suffix">kammehi</span></div>
        </td>
    </tr>
    <tr>
      <td>
        <p><span class="pls-inflection-row-header">dat</span></p>
      </td>
      <td>
        </td>
      <td>
        </td>
      <td>
        </td>
      <td>
        </td>
      <td>
        <div class="pls-inflection-inflected-word"><span class="pls-inflection-inflected-word-suffix">kammassa</span></div>
        <div class="pls-inflection-inflected-word"><span class="pls-inflection-inflected-word-suffix">kammuno</span></div>
        </td>
      <td>
        <div class="pls-inflection-inflected-word"><span class="pls-inflection-inflected-word-suffix">kammānaṃ</span></div>
        </td>
    </tr>
    <tr>
      <td>
        <p><span class="pls-inflection-row-header">abl</span></p>
      </td>
      <td>
        </td>
      <td>
        </td>
      <td>
        </td>
      <td>
        </td>
      <td>
        <div class="pls-inflection-inflected-word"><span class="pls-inflection-inflected-word-suffix">kammasmā</span></div>
        <div class="pls-inflection-inflected-word"><span class="pls-inflection-inflected-word-suffix">kammamhā</span></div>
        <div class="pls-inflection-inflected-word"><span class="pls-inflection-inflected-word-suffix">kammunā</span></div>
        </td>
      <td>
        <div class="pls-inflection-inflected-word"><span class="pls-inflection-inflected-word-suffix">kammehi</span></div>
        </td>
    </tr>
    <tr>
      <td>
        <p><span class="pls-inflection-row-header">gen</span></p>
      </td>
      <td>
        </td>
      <td>
        </td>
      <td>
        </td>
      <td>
        </td>
      <td>
        <div class="pls-inflection-inflected-word"><span class="pls-inflection-inflected-word-suffix">kammassa</span></div>
        <div class="pls-inflection-inflected-word"><span class="pls-inflection-inflected-word-suffix">kammuno</span></div>
        </td>
      <td>
        <div class="pls-inflection-inflected-word"><span class="pls-inflection-inflected-word-suffix">kammānaṃ</span></div>
        </td>
    </tr>
    <tr>
      <td>
        <p><span class="pls-inflection-row-header">loc</span></p>
      </td>
      <td>
        </td>
      <td>
        </td>
      <td>
        </td>
      <td>
        </td>
      <td>
        <div class="pls-inflection-inflected-word"><span class="pls-inflection-inflected-word-suffix">kamme</span></div>
        <div class="pls-inflection-inflected-word"><span class="pls-inflection-inflected-word-suffix">kammasmiṃ</span></div>
        <div class="pls-inflection-inflected-word"><span class="pls-inflection-inflected-word-suffix">kammamhi</span></div>
        <div class="pls-inflection-inflected-word"><span class="pls-inflection-inflected-word-suffix">kammani</span></div>
        </td>
      <td>
        <div class="pls-inflection-inflected-word"><span class="pls-inflection-inflected-word-suffix">kammesu</span></div>
        </td>
    </tr>
    <tr>
      <td>
        <p><span class="pls-inflection-row-header">voc</span></p>
      </td>
      <td>
        </td>
      <td>
        </td>
      <td>
        </td>
      <td>
        </td>
      <td>
        <div class="pls-inflection-inflected-word"><span class="pls-inflection-inflected-word-suffix">kamma</span></div>
        </td>
      <td>
        <div class="pls-inflection-inflected-word"><span class="pls-inflection-inflected-word-suffix">kammāni</span></div>
        <div class="pls-inflection-inflected-word"><span class="pls-inflection-inflected-word-suffix">kammā</span></div>
        </td>
    </tr>
    <tr>
      <td><span class="pls-inflection-row-header">in comps</span></td>
      <td colspan="6">
        <div class="pls-inflection-inflected-word"><span class="pls-inflection-inflected-word-suffix">kamma</span></div>
        </td>
    </tr>
  </tbody>
</table>

  <footer class="pls-inflection-footer"><a class="pls-inflection-feedback-link" target="_blank" href="https://docs.google.com/forms/d/e/1FAIpQLSdqnYM0_5VeWzkFBPzyxaLqUfKWgNjI8STCpdrx4vX3hetyxw/viewform"><strong>spot a mistake? something missing? fix it here!</strong></a></footer>
</div>

