---
source: test_app/src/main.rs
expression: html

---
<div class="pls-inflection-root">
  <header class="pls-inflection-header"><summary class="pls-inflection-summary">kamma 1 &ndash; "kamma nt" (like )</summary></header>
<table class="pls-inflection-table pls-inflection-type-conjugation">
  <thead>
    <tr>
      <td>kamma_nt</td>
      <td colspan="2">masculine</td>
      <td colspan="2">feminine</td>
      <td colspan="2">neuter</td>
    </tr>
    <tr>
      <td>case</td>
      <td>sg</td>
      <td>pl</td>
      <td>sg</td>
      <td>pl</td>
      <td>sg</td>
      <td>pl</td>
    </tr>
  </thead>
  <tbody>
    <tr>
      <td>
        <p>nom</p>
      </td>
      <td>
        </td>
      <td>
        </td>
      <td>
        </td>
      <td>
        </td>
      <td>
        <div class="pls-inflection-inflected-word"><span class="pls-inflection-inflected-word-suffix">kamma</span></div>
        <div class="pls-inflection-inflected-word"><span class="pls-inflection-inflected-word-suffix">kammaṃ</span></div>
        </td>
      <td>
        <div class="pls-inflection-inflected-word"><span class="pls-inflection-inflected-word-suffix">kammāni</span></div>
        <div class="pls-inflection-inflected-word"><span class="pls-inflection-inflected-word-suffix">kammā</span></div>
        </td>
    </tr>
    <tr>
      <td>
        <p>acc</p>
      </td>
      <td>
        </td>
      <td>
        </td>
      <td>
        </td>
      <td>
        </td>
      <td>
        <div class="pls-inflection-inflected-word"><span class="pls-inflection-inflected-word-suffix">kamma</span></div>
        <div class="pls-inflection-inflected-word"><span class="pls-inflection-inflected-word-suffix">kammaṃ</span></div>
        </td>
      <td>
        <div class="pls-inflection-inflected-word"><span class="pls-inflection-inflected-word-suffix">kammāni</span></div>
        <div class="pls-inflection-inflected-word"><span class="pls-inflection-inflected-word-suffix">kamme</span></div>
        </td>
    </tr>
    <tr>
      <td>
        <p>instr</p>
      </td>
      <td>
        </td>
      <td>
        </td>
      <td>
        </td>
      <td>
        </td>
      <td>
        <div class="pls-inflection-inflected-word"><span class="pls-inflection-inflected-word-suffix">kammena</span></div>
        <div class="pls-inflection-inflected-word"><span class="pls-inflection-inflected-word-suffix">kammunā</span></div>
        <div class="pls-inflection-inflected-word"><span class="pls-inflection-inflected-word-suffix">kammanā</span></div>
        </td>
      <td>
        <div class="pls-inflection-inflected-word"><span class="pls-inflection-inflected-word-suffix">kammehi</span></div>
        </td>
    </tr>
    <tr>
      <td>
        <p>dat</p>
      </td>
      <td>
        </td>
      <td>
        </td>
      <td>
        </td>
      <td>
        </td>
      <td>
        <div class="pls-inflection-inflected-word"><span class="pls-inflection-inflected-word-suffix">kammassa</span></div>
        <div class="pls-inflection-inflected-word"><span class="pls-inflection-inflected-word-suffix">kammuno</span></div>
        </td>
      <td>
        <div class="pls-inflection-inflected-word"><span class="pls-inflection-inflected-word-suffix">kammānaṃ</span></div>
        </td>
    </tr>
    <tr>
      <td>
        <p>abl</p>
      </td>
      <td>
        </td>
      <td>
        </td>
      <td>
        </td>
      <td>
        </td>
      <td>
        <div class="pls-inflection-inflected-word"><span class="pls-inflection-inflected-word-suffix">kammasmā</span></div>
        <div class="pls-inflection-inflected-word"><span class="pls-inflection-inflected-word-suffix">kammamhā</span></div>
        <div class="pls-inflection-inflected-word"><span class="pls-inflection-inflected-word-suffix">kammunā</span></div>
        </td>
      <td>
        <div class="pls-inflection-inflected-word"><span class="pls-inflection-inflected-word-suffix">kammehi</span></div>
        </td>
    </tr>
    <tr>
      <td>
        <p>gen</p>
      </td>
      <td>
        </td>
      <td>
        </td>
      <td>
        </td>
      <td>
        </td>
      <td>
        <div class="pls-inflection-inflected-word"><span class="pls-inflection-inflected-word-suffix">kammassa</span></div>
        <div class="pls-inflection-inflected-word"><span class="pls-inflection-inflected-word-suffix">kammuno</span></div>
        </td>
      <td>
        <div class="pls-inflection-inflected-word"><span class="pls-inflection-inflected-word-suffix">kammānaṃ</span></div>
        </td>
    </tr>
    <tr>
      <td>
        <p>loc</p>
      </td>
      <td>
        </td>
      <td>
        </td>
      <td>
        </td>
      <td>
        </td>
      <td>
        <div class="pls-inflection-inflected-word"><span class="pls-inflection-inflected-word-suffix">kamme</span></div>
        <div class="pls-inflection-inflected-word"><span class="pls-inflection-inflected-word-suffix">kammasmiṃ</span></div>
        <div class="pls-inflection-inflected-word"><span class="pls-inflection-inflected-word-suffix">kammamhi</span></div>
        <div class="pls-inflection-inflected-word"><span class="pls-inflection-inflected-word-suffix">kammani</span></div>
        </td>
      <td>
        <div class="pls-inflection-inflected-word"><span class="pls-inflection-inflected-word-suffix">kammesu</span></div>
        </td>
    </tr>
    <tr>
      <td>
        <p>voc</p>
      </td>
      <td>
        </td>
      <td>
        </td>
      <td>
        </td>
      <td>
        </td>
      <td>
        <div class="pls-inflection-inflected-word"><span class="pls-inflection-inflected-word-suffix">kamma</span></div>
        </td>
      <td>
        <div class="pls-inflection-inflected-word"><span class="pls-inflection-inflected-word-suffix">kammāni</span></div>
        <div class="pls-inflection-inflected-word"><span class="pls-inflection-inflected-word-suffix">kammā</span></div>
        </td>
    </tr>
    <tr>
      <td>in comps</td>
      <td colspan="6">
        <div class="pls-inflection-inflected-word"><span class="pls-inflection-inflected-word-suffix">kamma</span></div>
        </td>
    </tr>
  </tbody>
</table>

  <footer class="pls-inflection-footer"><a class="pls-inflection-feedback-link" target="_blank" href="https://docs.google.com/forms/d/e/1FAIpQLSdqnYM0_5VeWzkFBPzyxaLqUfKWgNjI8STCpdrx4vX3hetyxw/viewform"><strong>spot a mistake? something missing? fix it here!</strong></a></footer>
</div>

